## Footprint report - date 2026-06-18T15:06:05
## Printed by KiCad version 10.0.3
## Unit = mm, Angle = deg.

$BeginDESCRIPTION

$BOARD
upper_left_corner 97.790000 74.930000
$EndBOARD

$MODULE C1
reference C1
value .01u
footprint Capacitor_THT:C_Disc_D10.0mm_W2.5mm_P5.00mm
attribut none
position 119.340000 93.980000  orientation 180.00
layer front
$PAD "1"
Shape Circle Layer both
position  0.000000  0.000000 size  1.600000  1.600000 orientation 180.00
drill  0.800000
shape_offset  0.000000  0.000000
$EndPAD
$PAD "2"
Shape Circle Layer both
position  5.000000  0.000000 size  1.600000  1.600000 orientation 180.00
drill  0.800000
shape_offset  0.000000  0.000000
$EndPAD
$EndMODULE C1

$MODULE C2
reference C2
value 470u
footprint Capacitor_THT:CP_Radial_D10.0mm_P7.50mm
attribut none
position 121.727677 83.820000  orientation 180.00
layer front
$PAD "1"
Shape Roundrect Layer both
position  0.000000  0.000000 size  2.000000  2.000000 orientation 180.00
drill  1.000000
shape_offset  0.000000  0.000000
$EndPAD
$PAD "2"
Shape Circle Layer both
position  7.500000  0.000000 size  2.000000  2.000000 orientation 180.00
drill  1.000000
shape_offset  0.000000  0.000000
$EndPAD
$EndMODULE C2

$MODULE H1
reference H1
value MountingHole
footprint MountingHole:MountingHole_3mm
attribut virtual
position 101.600000 80.010000  orientation 90.00
layer front
$PAD ""
Shape Circle Layer both
position  0.000000  0.000000 size  3.000000  3.000000 orientation 90.00
drill  3.000000
shape_offset  0.000000  0.000000
$EndPAD
$EndMODULE H1

$MODULE H2
reference H2
value MountingHole
footprint MountingHole:MountingHole_3mm
attribut virtual
position 208.280000 80.010000  orientation 90.00
layer front
$PAD ""
Shape Circle Layer both
position  0.000000  0.000000 size  3.000000  3.000000 orientation 90.00
drill  3.000000
shape_offset  0.000000  0.000000
$EndPAD
$EndMODULE H2

$MODULE H3
reference H3
value MountingHole
footprint MountingHole:MountingHole_3mm
attribut virtual
position 101.600000 152.400000  orientation 90.00
layer front
$PAD ""
Shape Circle Layer both
position  0.000000  0.000000 size  3.000000  3.000000 orientation 90.00
drill  3.000000
shape_offset  0.000000  0.000000
$EndPAD
$EndMODULE H3

$MODULE H4
reference H4
value MountingHole
footprint MountingHole:MountingHole_3mm
attribut virtual
position 208.280000 152.400000  orientation 90.00
layer front
$PAD ""
Shape Circle Layer both
position  0.000000  0.000000 size  3.000000  3.000000 orientation 90.00
drill  3.000000
shape_offset  0.000000  0.000000
$EndPAD
$EndMODULE H4

$MODULE J1
reference J1
value RJ45
footprint Connector_RJ:RJ45_Amphenol_54602-x08_Horizontal
attribut none
position 194.782500 90.190000  orientation 180.00
layer front
$PAD ""
Shape Circle Layer both
position -1.270000  6.350000 size  3.200000  3.200000 orientation 180.00
drill  3.200000
shape_offset  0.000000  0.000000
$EndPAD
$PAD ""
Shape Circle Layer both
position 10.160000  6.350000 size  3.200000  3.200000 orientation 180.00
drill  3.200000
shape_offset  0.000000  0.000000
$EndPAD
$PAD "1"
Shape Rect Layer both
position  0.000000  0.000000 size  1.500000  1.500000 orientation 180.00
drill  0.760000
shape_offset  0.000000  0.000000
$EndPAD
$PAD "2"
Shape Circle Layer both
position  1.270000 -2.540000 size  1.500000  1.500000 orientation 180.00
drill  0.760000
shape_offset  0.000000  0.000000
$EndPAD
$PAD "3"
Shape Circle Layer both
position  2.540000  0.000000 size  1.500000  1.500000 orientation 180.00
drill  0.760000
shape_offset  0.000000  0.000000
$EndPAD
$PAD "4"
Shape Circle Layer both
position  3.810000 -2.540000 size  1.500000  1.500000 orientation 180.00
drill  0.760000
shape_offset  0.000000  0.000000
$EndPAD
$PAD "5"
Shape Circle Layer both
position  5.080000  0.000000 size  1.500000  1.500000 orientation 180.00
drill  0.760000
shape_offset  0.000000  0.000000
$EndPAD
$PAD "6"
Shape Circle Layer both
position  6.350000 -2.540000 size  1.500000  1.500000 orientation 180.00
drill  0.760000
shape_offset  0.000000  0.000000
$EndPAD
$PAD "7"
Shape Circle Layer both
position  7.620000  0.000000 size  1.500000  1.500000 orientation 180.00
drill  0.760000
shape_offset  0.000000  0.000000
$EndPAD
$PAD "8"
Shape Circle Layer both
position  8.890000 -2.540000 size  1.500000  1.500000 orientation 180.00
drill  0.760000
shape_offset  0.000000  0.000000
$EndPAD
$EndMODULE J1

$MODULE J6
reference J6
value Conn_01x16_Socket
footprint Connector_PinSocket_2.54mm:PinSocket_1x16_P2.54mm_Vertical
attribut none
position 127.000000 91.440000  orientation 0.00
layer front
$PAD "0"
Shape Circle Layer both
position  0.000000  5.080000 size  1.700000  1.700000 orientation 0.00
drill  1.000000
shape_offset  0.000000  0.000000
$EndPAD
$PAD "2"
Shape Circle Layer both
position  0.000000  2.540000 size  1.700000  1.700000 orientation 0.00
drill  1.000000
shape_offset  0.000000  0.000000
$EndPAD
$PAD "4"
Shape Circle Layer both
position  0.000000  7.620000 size  1.700000  1.700000 orientation 0.00
drill  1.000000
shape_offset  0.000000  0.000000
$EndPAD
$PAD "5"
Shape Circle Layer both
position  0.000000 15.240000 size  1.700000  1.700000 orientation 0.00
drill  1.000000
shape_offset  0.000000  0.000000
$EndPAD
$PAD "15"
Shape Rect Layer both
position  0.000000  0.000000 size  1.700000  1.700000 orientation 0.00
drill  1.000000
shape_offset  0.000000  0.000000
$EndPAD
$PAD "16"
Shape Circle Layer both
position  0.000000 10.160000 size  1.700000  1.700000 orientation 0.00
drill  1.000000
shape_offset  0.000000  0.000000
$EndPAD
$PAD "17"
Shape Circle Layer both
position  0.000000 12.700000 size  1.700000  1.700000 orientation 0.00
drill  1.000000
shape_offset  0.000000  0.000000
$EndPAD
$PAD "18"
Shape Circle Layer both
position  0.000000 17.780000 size  1.700000  1.700000 orientation 0.00
drill  1.000000
shape_offset  0.000000  0.000000
$EndPAD
$PAD "19"
Shape Circle Layer both
position  0.000000 20.320000 size  1.700000  1.700000 orientation 0.00
drill  1.000000
shape_offset  0.000000  0.000000
$EndPAD
$PAD "21"
Shape Circle Layer both
position  0.000000 25.400000 size  1.700000  1.700000 orientation 0.00
drill  1.000000
shape_offset  0.000000  0.000000
$EndPAD
$PAD "22"
Shape Circle Layer both
position  0.000000 33.020000 size  1.700000  1.700000 orientation 0.00
drill  1.000000
shape_offset  0.000000  0.000000
$EndPAD
$PAD "23"
Shape Circle Layer both
position  0.000000 35.560000 size  1.700000  1.700000 orientation 0.00
drill  1.000000
shape_offset  0.000000  0.000000
$EndPAD
$PAD "GND"
Shape Circle Layer both
position  0.000000 22.860000 size  1.700000  1.700000 orientation 0.00
drill  1.000000
shape_offset  0.000000  0.000000
$EndPAD
$PAD "GND"
Shape Circle Layer both
position  0.000000 38.100000 size  1.700000  1.700000 orientation 0.00
drill  1.000000
shape_offset  0.000000  0.000000
$EndPAD
$PAD "RXI"
Shape Circle Layer both
position  0.000000 27.940000 size  1.700000  1.700000 orientation 0.00
drill  1.000000
shape_offset  0.000000  0.000000
$EndPAD
$PAD "TXO"
Shape Circle Layer both
position  0.000000 30.480000 size  1.700000  1.700000 orientation 0.00
drill  1.000000
shape_offset  0.000000  0.000000
$EndPAD
$EndMODULE J6

$MODULE J7
reference J7
value Conn_01x08_Socket
footprint Connector_PinSocket_2.54mm:PinSocket_1x16_P2.54mm_Vertical
attribut none
position 139.700000 91.440000  orientation 0.00
layer front
$PAD "3V3"
Shape Circle Layer both
position  0.000000 38.100000 size  1.700000  1.700000 orientation 0.00
drill  1.000000
shape_offset  0.000000  0.000000
$EndPAD
$PAD "5V"
Shape Rect Layer both
position  0.000000  0.000000 size  1.700000  1.700000 orientation 0.00
drill  1.000000
shape_offset  0.000000  0.000000
$EndPAD
$PAD "12"
Shape Circle Layer both
position  0.000000  7.620000 size  1.700000  1.700000 orientation 0.00
drill  1.000000
shape_offset  0.000000  0.000000
$EndPAD
$PAD "13"
Shape Circle Layer both
position  0.000000  2.540000 size  1.700000  1.700000 orientation 0.00
drill  1.000000
shape_offset  0.000000  0.000000
$EndPAD
$PAD "14"
Shape Circle Layer both
position  0.000000 10.160000 size  1.700000  1.700000 orientation 0.00
drill  1.000000
shape_offset  0.000000  0.000000
$EndPAD
$PAD "25"
Shape Circle Layer both
position  0.000000 17.780000 size  1.700000  1.700000 orientation 0.00
drill  1.000000
shape_offset  0.000000  0.000000
$EndPAD
$PAD "26"
Shape Circle Layer both
position  0.000000 15.240000 size  1.700000  1.700000 orientation 0.00
drill  1.000000
shape_offset  0.000000  0.000000
$EndPAD
$PAD "27"
Shape Circle Layer both
position  0.000000 12.700000 size  1.700000  1.700000 orientation 0.00
drill  1.000000
shape_offset  0.000000  0.000000
$EndPAD
$PAD "32"
Shape Circle Layer both
position  0.000000 22.860000 size  1.700000  1.700000 orientation 0.00
drill  1.000000
shape_offset  0.000000  0.000000
$EndPAD
$PAD "33"
Shape Circle Layer both
position  0.000000 20.320000 size  1.700000  1.700000 orientation 0.00
drill  1.000000
shape_offset  0.000000  0.000000
$EndPAD
$PAD "34"
Shape Circle Layer both
position  0.000000 27.940000 size  1.700000  1.700000 orientation 0.00
drill  1.000000
shape_offset  0.000000  0.000000
$EndPAD
$PAD "35"
Shape Circle Layer both
position  0.000000 25.400000 size  1.700000  1.700000 orientation 0.00
drill  1.000000
shape_offset  0.000000  0.000000
$EndPAD
$PAD "EN"
Shape Circle Layer both
position  0.000000 35.560000 size  1.700000  1.700000 orientation 0.00
drill  1.000000
shape_offset  0.000000  0.000000
$EndPAD
$PAD "GND"
Shape Circle Layer both
position  0.000000  5.080000 size  1.700000  1.700000 orientation 0.00
drill  1.000000
shape_offset  0.000000  0.000000
$EndPAD
$PAD "SVN"
Shape Circle Layer both
position  0.000000 30.480000 size  1.700000  1.700000 orientation 0.00
drill  1.000000
shape_offset  0.000000  0.000000
$EndPAD
$PAD "SVP"
Shape Circle Layer both
position  0.000000 33.020000 size  1.700000  1.700000 orientation 0.00
drill  1.000000
shape_offset  0.000000  0.000000
$EndPAD
$EndMODULE J7

$MODULE R1
reference R1
value 120Ω
footprint Resistor_THT:R_Axial_DIN0204_L3.6mm_D1.6mm_P1.90mm_Vertical
attribut none
position 195.580000 100.330000  orientation 180.00
layer front
$PAD "1"
Shape Circle Layer both
position  0.000000  0.000000 size  1.400000  1.400000 orientation 180.00
drill  0.700000
shape_offset  0.000000  0.000000
$EndPAD
$PAD "2"
Shape Circle Layer both
position  1.900000  0.000000 size  1.400000  1.400000 orientation 180.00
drill  0.700000
shape_offset  0.000000  0.000000
$EndPAD
$EndMODULE R1

$MODULE RS485toTTL5V_MAX1348_SH-U12
reference RS485toTTL5V_MAX1348_SH-U12
value 
footprint clipboard:d20c897a-e8f7-4042-81bd-1f98a1eacd4c
attribut virtual
position 147.030000 108.110000  orientation 180.00
layer front
$PAD ""
Shape Circle Layer both
position -45.030000 -17.460000 size  3.000000  3.000000 orientation 180.00
drill  2.000000
shape_offset  0.000000  0.000000
$EndPAD
$PAD ""
Shape Circle Layer both
position -45.030000 -2.508182 size  3.000000  3.000000 orientation 180.00
drill  2.000000
shape_offset  0.000000  0.000000
$EndPAD
$PAD ""
Shape Circle Layer both
position -5.016378 -17.491818 size  3.000000  3.000000 orientation 180.00
drill  2.000000
shape_offset  0.000000  0.000000
$EndPAD
$PAD ""
Shape Circle Layer both
position -5.016378 -2.508182 size  3.000000  3.000000 orientation 180.00
drill  2.000000
shape_offset  0.000000  0.000000
$EndPAD
$PAD "5VO"
Shape Circle Layer both
position -6.640000 -6.190000 size  1.700000  1.700000 orientation 180.00
drill  1.000000
shape_offset  0.000000  0.000000
$EndPAD
$PAD "5VO"
Shape Circle Layer both
position -2.830000 -6.190000 size  1.700000  1.700000 orientation 180.00
drill  1.000000
shape_offset  0.000000  0.000000
$EndPAD
$PAD "A+"
Shape Circle Layer both
position -53.920000 -4.920000 size  1.700000  1.700000 orientation 180.00
drill  1.000000
shape_offset  0.000000  0.000000
$EndPAD
$PAD "A+"
Shape Circle Layer both
position -45.030000 -7.460000 size  1.700000  1.700000 orientation 180.00
drill  1.000000
shape_offset  0.000000  0.000000
$EndPAD
$PAD "B-"
Shape Circle Layer both
position -53.920000 -10.000000 size  1.700000  1.700000 orientation 180.00
drill  1.000000
shape_offset  0.000000  0.000000
$EndPAD
$PAD "B-"
Shape Circle Layer both
position -45.030000 -10.000000 size  1.700000  1.700000 orientation 180.00
drill  1.000000
shape_offset  0.000000  0.000000
$EndPAD
$PAD "GND"
Shape Circle Layer both
position -53.920000 -15.080000 size  1.700000  1.700000 orientation 180.00
drill  1.000000
shape_offset  0.000000  0.000000
$EndPAD
$PAD "GND"
Shape Circle Layer both
position -45.030000 -12.540000 size  1.700000  1.700000 orientation 180.00
drill  1.000000
shape_offset  0.000000  0.000000
$EndPAD
$PAD "GND"
Shape Circle Layer both
position -6.640000 -13.810000 size  1.700000  1.700000 orientation 180.00
drill  1.000000
shape_offset  0.000000  0.000000
$EndPAD
$PAD "GND"
Shape Circle Layer both
position -2.830000 -13.810000 size  1.700000  1.700000 orientation 180.00
drill  1.000000
shape_offset  0.000000  0.000000
$EndPAD
$PAD "RXD"
Shape Circle Layer both
position -6.640000 -11.270000 size  1.700000  1.700000 orientation 180.00
drill  1.000000
shape_offset  0.000000  0.000000
$EndPAD
$PAD "RXD"
Shape Circle Layer both
position -2.830000 -11.270000 size  1.700000  1.700000 orientation 180.00
drill  1.000000
shape_offset  0.000000  0.000000
$EndPAD
$PAD "TXD"
Shape Circle Layer both
position -6.640000 -8.730000 size  1.700000  1.700000 orientation 180.00
drill  1.000000
shape_offset  0.000000  0.000000
$EndPAD
$PAD "TXD"
Shape Circle Layer both
position -2.830000 -8.730000 size  1.700000  1.700000 orientation 180.00
drill  1.000000
shape_offset  0.000000  0.000000
$EndPAD
$EndMODULE RS485toTTL5V_MAX1348_SH-U12

$MODULE SW1
reference SW1
value RotaryEncoder_Switch
footprint Rotary_Encoder:RotaryEncoder_Alps_EC12E-Switch_Vertical_H20mm
attribut none
position 191.770000 152.400000  orientation 90.00
layer front
$PAD "A"
Shape Rect Layer both
position  0.000000  0.000000 size  2.000000  2.000000 orientation 90.00
drill  1.000000
shape_offset  0.000000  0.000000
$EndPAD
$PAD "B"
Shape Circle Layer both
position  0.000000  5.000000 size  2.000000  2.000000 orientation 90.00
drill  1.000000
shape_offset  0.000000  0.000000
$EndPAD
$PAD "C"
Shape Circle Layer both
position  0.000000  2.500000 size  2.000000  2.000000 orientation 90.00
drill  1.000000
shape_offset  0.000000  0.000000
$EndPAD
$PAD "MP"
Shape Rect Layer both
position  7.500000 -3.100000 size  3.000000  2.500000 orientation 90.00
drill  2.500000
shape_offset  0.000000  0.000000
$EndPAD
$PAD "MP"
Shape Rect Layer both
position  7.500000  8.100000 size  3.000000  2.500000 orientation 90.00
drill  2.500000
shape_offset  0.000000  0.000000
$EndPAD
$PAD "S1"
Shape Circle Layer both
position 14.500000  0.000000 size  2.000000  2.000000 orientation 90.00
drill  1.000000
shape_offset  0.000000  0.000000
$EndPAD
$PAD "S2"
Shape Circle Layer both
position 14.500000  5.000000 size  2.000000  2.000000 orientation 90.00
drill  1.000000
shape_offset  0.000000  0.000000
$EndPAD
$EndMODULE SW1

$MODULE SW2
reference SW2
value S4_SW_Push
footprint Button_Switch_THT:SW_PUSH-12mm
attribut none
position 113.070000 151.500000  orientation 90.00
layer front
$PAD "1"
Shape Oval Layer both
position  0.000000  0.000000 size  3.200000  1.900000 orientation 90.00
drill  1.300000
shape_offset  0.000000  0.000000
$EndPAD
$PAD "1"
Shape Oval Layer both
position 12.500000  0.000000 size  3.200000  1.900000 orientation 90.00
drill  1.300000
shape_offset  0.000000  0.000000
$EndPAD
$PAD "2"
Shape Oval Layer both
position  0.000000  5.000000 size  3.200000  1.900000 orientation 90.00
drill  1.300000
shape_offset  0.000000  0.000000
$EndPAD
$PAD "2"
Shape Oval Layer both
position 12.500000  5.000000 size  3.200000  1.900000 orientation 90.00
drill  1.300000
shape_offset  0.000000  0.000000
$EndPAD
$EndMODULE SW2

$MODULE SW3
reference SW3
value S3_SW_Push
footprint Button_Switch_THT:SW_PUSH-12mm
attribut none
position 128.620000 151.500000  orientation 90.00
layer front
$PAD "1"
Shape Oval Layer both
position  0.000000  0.000000 size  3.200000  1.900000 orientation 90.00
drill  1.300000
shape_offset  0.000000  0.000000
$EndPAD
$PAD "1"
Shape Oval Layer both
position 12.500000  0.000000 size  3.200000  1.900000 orientation 90.00
drill  1.300000
shape_offset  0.000000  0.000000
$EndPAD
$PAD "2"
Shape Oval Layer both
position  0.000000  5.000000 size  3.200000  1.900000 orientation 90.00
drill  1.300000
shape_offset  0.000000  0.000000
$EndPAD
$PAD "2"
Shape Oval Layer both
position 12.500000  5.000000 size  3.200000  1.900000 orientation 90.00
drill  1.300000
shape_offset  0.000000  0.000000
$EndPAD
$EndMODULE SW3

$MODULE SW4
reference SW4
value S2_SW_Push
footprint Button_Switch_THT:SW_PUSH-12mm
attribut none
position 144.170000 151.500000  orientation 90.00
layer front
$PAD "1"
Shape Oval Layer both
position  0.000000  0.000000 size  3.200000  1.900000 orientation 90.00
drill  1.300000
shape_offset  0.000000  0.000000
$EndPAD
$PAD "1"
Shape Oval Layer both
position 12.500000  0.000000 size  3.200000  1.900000 orientation 90.00
drill  1.300000
shape_offset  0.000000  0.000000
$EndPAD
$PAD "2"
Shape Oval Layer both
position  0.000000  5.000000 size  3.200000  1.900000 orientation 90.00
drill  1.300000
shape_offset  0.000000  0.000000
$EndPAD
$PAD "2"
Shape Oval Layer both
position 12.500000  5.000000 size  3.200000  1.900000 orientation 90.00
drill  1.300000
shape_offset  0.000000  0.000000
$EndPAD
$EndMODULE SW4

$MODULE SW5
reference SW5
value S1_SW_Push
footprint Button_Switch_THT:SW_PUSH-12mm
attribut none
position 159.720000 151.500000  orientation 90.00
layer front
$PAD "1"
Shape Oval Layer both
position  0.000000  0.000000 size  3.200000  1.900000 orientation 90.00
drill  1.300000
shape_offset  0.000000  0.000000
$EndPAD
$PAD "1"
Shape Oval Layer both
position 12.500000  0.000000 size  3.200000  1.900000 orientation 90.00
drill  1.300000
shape_offset  0.000000  0.000000
$EndPAD
$PAD "2"
Shape Oval Layer both
position  0.000000  5.000000 size  3.200000  1.900000 orientation 90.00
drill  1.300000
shape_offset  0.000000  0.000000
$EndPAD
$PAD "2"
Shape Oval Layer both
position 12.500000  5.000000 size  3.200000  1.900000 orientation 90.00
drill  1.300000
shape_offset  0.000000  0.000000
$EndPAD
$EndMODULE SW5

$MODULE SW6
reference SW6
value MODE_SW_Push
footprint Button_Switch_THT:SW_PUSH-12mm
attribut none
position 175.270000 151.500000  orientation 90.00
layer front
$PAD "1"
Shape Oval Layer both
position  0.000000  0.000000 size  3.200000  1.900000 orientation 90.00
drill  1.300000
shape_offset  0.000000  0.000000
$EndPAD
$PAD "1"
Shape Oval Layer both
position 12.500000  0.000000 size  3.200000  1.900000 orientation 90.00
drill  1.300000
shape_offset  0.000000  0.000000
$EndPAD
$PAD "2"
Shape Oval Layer both
position  0.000000  5.000000 size  3.200000  1.900000 orientation 90.00
drill  1.300000
shape_offset  0.000000  0.000000
$EndPAD
$PAD "2"
Shape Oval Layer both
position 12.500000  5.000000 size  3.200000  1.900000 orientation 90.00
drill  1.300000
shape_offset  0.000000  0.000000
$EndPAD
$EndMODULE SW6

$MODULE U1
reference U1
value USB_C_Receptacle_PowerOnly_6P
footprint Connector_USB:USB_C_Receptacle_GCT_USB4125-xx-x-0190_6P_TopMnt_Horizontal
attribut none
position 137.795000 77.724000  orientation 180.00
layer front
$PAD "5"
Shape Circle Layer both
position  1.905000 -4.826000 size  1.700000  1.700000 orientation 0.00
drill  1.000000
shape_offset  0.000000  0.000000
$EndPAD
$PAD "6"
Shape Circle Layer both
position -1.905000 -4.826000 size  1.700000  1.700000 orientation 0.00
drill  1.000000
shape_offset  0.000000  0.000000
$EndPAD
$PAD "SH"
Shape Oval Layer both
position -4.445000 -1.016000 size  1.100000  1.700000 orientation 180.00
drill  0.600000
shape_offset  0.000000  0.000000
$EndPAD
$PAD "SH"
Shape Oval Layer both
position  4.500000 -1.016000 size  1.100000  1.700000 orientation 180.00
drill  0.600000
shape_offset  0.000000  0.000000
$EndPAD
$EndMODULE U1

$MODULE U4
reference U4
value OLED_SSD1306_128x32_I2C
footprint OLED_SSD1306_I2C:Adafruit_SSD1306_I2c
attribut none
position 152.600000 81.364000  orientation 0.00
layer front
$PAD ""
Shape Circle Layer both
position  0.000000  0.000000 size  2.540000  2.540000 orientation 0.00
drill  2.000000
shape_offset  0.000000  0.000000
$EndPAD
$PAD ""
Shape Circle Layer both
position  0.000000 23.200000 size  2.540000  2.540000 orientation 0.00
drill  2.000000
shape_offset  0.000000  0.000000
$EndPAD
$PAD ""
Shape Circle Layer both
position 20.700000 -0.050000 size  2.540000  2.540000 orientation 0.00
drill  2.000000
shape_offset  0.000000  0.000000
$EndPAD
$PAD ""
Shape Circle Layer both
position 20.701249 23.200000 size  2.540000  2.540000 orientation 0.00
drill  2.000000
shape_offset  0.000000  0.000000
$EndPAD
$PAD "GND"
Shape Rect Layer both
position  6.540000 -0.350000 size  1.700000  1.700000 orientation 0.00
drill  1.000000
shape_offset  0.000000  0.000000
$EndPAD
$PAD "SCL"
Shape Circle Layer both
position 11.620000 -0.350000 size  1.700000  1.700000 orientation 0.00
drill  1.000000
shape_offset  0.000000  0.000000
$EndPAD
$PAD "SDA"
Shape Circle Layer both
position 14.160000 -0.350000 size  1.700000  1.700000 orientation 0.00
drill  1.000000
shape_offset  0.000000  0.000000
$EndPAD
$PAD "VCC"
Shape Circle Layer both
position  9.080000 -0.350000 size  1.700000  1.700000 orientation 0.00
drill  1.000000
shape_offset  0.000000  0.000000
$EndPAD
$EndMODULE U4

$EndDESCRIPTION
