Drill report for switchBox.kicad_pcb
Created on 2026-07-03T16:32:17

Copper Layer Stackup:
    =============================================================
    L1 :  F.Cu                      front
    L2 :  B.Cu                      back


Drill file 'switchBox-PTH-drl.gbr' contains
    plated through holes:
    =============================================================
    T1  0.600mm  0.0236"  (2 holes)  (with 2 slots)
    T2  0.700mm  0.0276"  (2 holes))
    T3  0.760mm  0.0299"  (8 holes))
    T4  0.800mm  0.0315"  (2 holes))
    T5  1.000mm  0.0394"  (54 holes))
    T6  1.100mm  0.0433"  (5 holes))
    T7  1.300mm  0.0512"  (20 holes))
    T8  2.970mm  0.1169"  (2 holes))

    Total plated holes count 95


Drill file 'switchBox-NPTH-drl.gbr' contains
    unplated through holes:
    =============================================================
    T1  2.000mm  0.0787"  (8 holes))
    T2  3.000mm  0.1181"  (4 holes))
    T3  3.200mm  0.1260"  (2 holes))

    Total unplated holes count 14
