## Footprint report - date 2026-06-23T18:28:00
## Printed by KiCad version 10.0.3
## Unit = mm, Angle = deg.

$BeginDESCRIPTION

$BOARD
upper_left_corner 85.090000 55.455000
$EndBOARD

$MODULE 
reference 
value 
footprint clipboard:7cf05406-9138-4aab-b4f7-5cfa8fc004b3
attribut virtual
position 156.400000 114.040000  orientation 0.00
layer front
$PAD ""
Shape Circle Layer both
position -45.030000 -17.460000 size  3.000000  3.000000 orientation 0.00
drill  2.000000
shape_offset  0.000000  0.000000
$EndPAD
$PAD ""
Shape Circle Layer both
position -45.030000 -2.508182 size  3.000000  3.000000 orientation 0.00
drill  2.000000
shape_offset  0.000000  0.000000
$EndPAD
$PAD ""
Shape Circle Layer both
position -5.016378 -17.491818 size  3.000000  3.000000 orientation 0.00
drill  2.000000
shape_offset  0.000000  0.000000
$EndPAD
$PAD ""
Shape Circle Layer both
position -5.016378 -2.508182 size  3.000000  3.000000 orientation 0.00
drill  2.000000
shape_offset  0.000000  0.000000
$EndPAD
$PAD "5VO"
Shape Circle Layer both
position -6.640000 -6.190000 size  1.700000  1.700000 orientation 0.00
drill  1.000000
shape_offset  0.000000  0.000000
$EndPAD
$PAD "5VO"
Shape Circle Layer both
position -2.830000 -6.190000 size  1.700000  1.700000 orientation 0.00
drill  1.000000
shape_offset  0.000000  0.000000
$EndPAD
$PAD "A+"
Shape Circle Layer both
position -53.920000 -4.920000 size  1.700000  1.700000 orientation 0.00
drill  1.000000
shape_offset  0.000000  0.000000
$EndPAD
$PAD "A+"
Shape Circle Layer both
position -45.030000 -7.460000 size  1.700000  1.700000 orientation 0.00
drill  1.000000
shape_offset  0.000000  0.000000
$EndPAD
$PAD "B-"
Shape Circle Layer both
position -53.920000 -10.000000 size  1.700000  1.700000 orientation 0.00
drill  1.000000
shape_offset  0.000000  0.000000
$EndPAD
$PAD "B-"
Shape Circle Layer both
position -45.030000 -10.000000 size  1.700000  1.700000 orientation 0.00
drill  1.000000
shape_offset  0.000000  0.000000
$EndPAD
$PAD "GND"
Shape Circle Layer both
position -53.920000 -15.080000 size  1.700000  1.700000 orientation 0.00
drill  1.000000
shape_offset  0.000000  0.000000
$EndPAD
$PAD "GND"
Shape Circle Layer both
position -45.030000 -12.540000 size  1.700000  1.700000 orientation 0.00
drill  1.000000
shape_offset  0.000000  0.000000
$EndPAD
$PAD "GND"
Shape Circle Layer both
position -6.640000 -13.810000 size  1.700000  1.700000 orientation 0.00
drill  1.000000
shape_offset  0.000000  0.000000
$EndPAD
$PAD "GND"
Shape Circle Layer both
position -2.830000 -13.810000 size  1.700000  1.700000 orientation 0.00
drill  1.000000
shape_offset  0.000000  0.000000
$EndPAD
$PAD "RXD"
Shape Circle Layer both
position -6.640000 -11.270000 size  1.700000  1.700000 orientation 0.00
drill  1.000000
shape_offset  0.000000  0.000000
$EndPAD
$PAD "RXD"
Shape Circle Layer both
position -2.830000 -11.270000 size  1.700000  1.700000 orientation 0.00
drill  1.000000
shape_offset  0.000000  0.000000
$EndPAD
$PAD "TXD"
Shape Circle Layer both
position -6.640000 -8.730000 size  1.700000  1.700000 orientation 0.00
drill  1.000000
shape_offset  0.000000  0.000000
$EndPAD
$PAD "TXD"
Shape Circle Layer both
position -2.830000 -8.730000 size  1.700000  1.700000 orientation 0.00
drill  1.000000
shape_offset  0.000000  0.000000
$EndPAD
$EndMODULE 

$MODULE C1
reference C1
value 100u
footprint Capacitor_THT:CP_Radial_D6.3mm_P2.50mm
attribut none
position 127.040000 68.580000  orientation 0.00
layer front
$PAD "1"
Shape Roundrect Layer both
position  0.000000  0.000000 size  1.600000  1.600000 orientation 0.00
drill  0.800000
shape_offset  0.000000  0.000000
$EndPAD
$PAD "2"
Shape Circle Layer both
position  2.500000  0.000000 size  1.600000  1.600000 orientation 0.00
drill  0.800000
shape_offset  0.000000  0.000000
$EndPAD
$EndMODULE C1

$MODULE C2
reference C2
value 0.1u
footprint Capacitor_THT:C_Disc_D4.7mm_W2.5mm_P5.00mm
attribut none
position 121.880000 68.580000  orientation 180.00
layer front
$PAD "1"
Shape Circle Layer both
position  0.000000  0.000000 size  1.600000  1.600000 orientation 180.00
drill  0.800000
shape_offset  0.000000  0.000000
$EndPAD
$PAD "2"
Shape Circle Layer both
position  5.000000  0.000000 size  1.600000  1.600000 orientation 180.00
drill  0.800000
shape_offset  0.000000  0.000000
$EndPAD
$EndMODULE C2

$MODULE C3
reference C3
value 470u
footprint Capacitor_THT:CP_Radial_D6.3mm_P2.50mm
attribut none
position 173.990000 76.200000  orientation -90.00
layer front
$PAD "1"
Shape Roundrect Layer both
position  0.000000  0.000000 size  1.600000  1.600000 orientation 270.00
drill  0.800000
shape_offset  0.000000  0.000000
$EndPAD
$PAD "2"
Shape Circle Layer both
position  2.500000  0.000000 size  1.600000  1.600000 orientation 270.00
drill  0.800000
shape_offset  0.000000  0.000000
$EndPAD
$EndMODULE C3

$MODULE C4
reference C4
value 0.1u
footprint Capacitor_THT:C_Disc_D4.7mm_W2.5mm_P5.00mm
attribut none
position 166.370000 76.240000  orientation -90.00
layer front
$PAD "1"
Shape Circle Layer both
position  0.000000  0.000000 size  1.600000  1.600000 orientation 270.00
drill  0.800000
shape_offset  0.000000  0.000000
$EndPAD
$PAD "2"
Shape Circle Layer both
position  5.000000  0.000000 size  1.600000  1.600000 orientation 270.00
drill  0.800000
shape_offset  0.000000  0.000000
$EndPAD
$EndMODULE C4

$MODULE C5
reference C5
value 100u
footprint Capacitor_THT:CP_Radial_D6.3mm_P2.50mm
attribut none
position 179.070000 109.220000  orientation 180.00
layer front
$PAD "1"
Shape Roundrect Layer both
position  0.000000  0.000000 size  1.600000  1.600000 orientation 180.00
drill  0.800000
shape_offset  0.000000  0.000000
$EndPAD
$PAD "2"
Shape Circle Layer both
position  2.500000  0.000000 size  1.600000  1.600000 orientation 180.00
drill  0.800000
shape_offset  0.000000  0.000000
$EndPAD
$EndMODULE C5

$MODULE H1
reference H1
value MountingHole
footprint MountingHole:MountingHole_2.5mm
attribut virtual
position 88.900000 58.420000  orientation 0.00
layer front
$PAD ""
Shape Circle Layer both
position  0.000000  0.000000 size  2.500000  2.500000 orientation 0.00
drill  2.500000
shape_offset  0.000000  0.000000
$EndPAD
$EndMODULE H1

$MODULE H2
reference H2
value MountingHole
footprint MountingHole:MountingHole_2.5mm
attribut virtual
position 185.420000 58.420000  orientation 0.00
layer front
$PAD ""
Shape Circle Layer both
position  0.000000  0.000000 size  2.500000  2.500000 orientation 0.00
drill  2.500000
shape_offset  0.000000  0.000000
$EndPAD
$EndMODULE H2

$MODULE H3
reference H3
value MountingHole
footprint MountingHole:MountingHole_2.5mm
attribut virtual
position 185.420000 111.760000  orientation 0.00
layer front
$PAD ""
Shape Circle Layer both
position  0.000000  0.000000 size  2.500000  2.500000 orientation 0.00
drill  2.500000
shape_offset  0.000000  0.000000
$EndPAD
$EndMODULE H3

$MODULE H4
reference H4
value MountingHole
footprint MountingHole:MountingHole_2.5mm
attribut virtual
position 88.900000 111.760000  orientation 0.00
layer front
$PAD ""
Shape Circle Layer both
position  0.000000  0.000000 size  2.500000  2.500000 orientation 0.00
drill  2.500000
shape_offset  0.000000  0.000000
$EndPAD
$EndMODULE H4

$MODULE J1
reference J1
value Conn_01x16_Socket_ESP32
footprint Connector_PinSocket_2.54mm:PinSocket_1x16_P2.54mm_Vertical
attribut none
position 156.210000 76.200000  orientation -90.00
layer front
$PAD "3V3"
Shape Rect Layer both
position  0.000000  0.000000 size  1.700000  1.700000 orientation 270.00
drill  1.000000
shape_offset  0.000000  0.000000
$EndPAD
$PAD "5V"
Shape Circle Layer both
position  0.000000 38.100000 size  1.700000  1.700000 orientation 270.00
drill  1.000000
shape_offset  0.000000  0.000000
$EndPAD
$PAD "12"
Shape Circle Layer both
position  0.000000 30.480000 size  1.700000  1.700000 orientation 270.00
drill  1.000000
shape_offset  0.000000  0.000000
$EndPAD
$PAD "13"
Shape Circle Layer both
position  0.000000 35.560000 size  1.700000  1.700000 orientation 270.00
drill  1.000000
shape_offset  0.000000  0.000000
$EndPAD
$PAD "14"
Shape Circle Layer both
position  0.000000 27.940000 size  1.700000  1.700000 orientation 270.00
drill  1.000000
shape_offset  0.000000  0.000000
$EndPAD
$PAD "25"
Shape Circle Layer both
position  0.000000 20.320000 size  1.700000  1.700000 orientation 270.00
drill  1.000000
shape_offset  0.000000  0.000000
$EndPAD
$PAD "26"
Shape Circle Layer both
position  0.000000 22.860000 size  1.700000  1.700000 orientation 270.00
drill  1.000000
shape_offset  0.000000  0.000000
$EndPAD
$PAD "27"
Shape Circle Layer both
position  0.000000 25.400000 size  1.700000  1.700000 orientation 270.00
drill  1.000000
shape_offset  0.000000  0.000000
$EndPAD
$PAD "32"
Shape Circle Layer both
position  0.000000 15.240000 size  1.700000  1.700000 orientation 270.00
drill  1.000000
shape_offset  0.000000  0.000000
$EndPAD
$PAD "33"
Shape Circle Layer both
position  0.000000 17.780000 size  1.700000  1.700000 orientation 270.00
drill  1.000000
shape_offset  0.000000  0.000000
$EndPAD
$PAD "34"
Shape Circle Layer both
position  0.000000 10.160000 size  1.700000  1.700000 orientation 270.00
drill  1.000000
shape_offset  0.000000  0.000000
$EndPAD
$PAD "35"
Shape Circle Layer both
position  0.000000 12.700000 size  1.700000  1.700000 orientation 270.00
drill  1.000000
shape_offset  0.000000  0.000000
$EndPAD
$PAD "EN"
Shape Circle Layer both
position  0.000000  2.540000 size  1.700000  1.700000 orientation 270.00
drill  1.000000
shape_offset  0.000000  0.000000
$EndPAD
$PAD "GND"
Shape Circle Layer both
position  0.000000 33.020000 size  1.700000  1.700000 orientation 270.00
drill  1.000000
shape_offset  0.000000  0.000000
$EndPAD
$PAD "SVN"
Shape Circle Layer both
position  0.000000  7.620000 size  1.700000  1.700000 orientation 270.00
drill  1.000000
shape_offset  0.000000  0.000000
$EndPAD
$PAD "SVP"
Shape Circle Layer both
position  0.000000  5.080000 size  1.700000  1.700000 orientation 270.00
drill  1.000000
shape_offset  0.000000  0.000000
$EndPAD
$EndMODULE J1

$MODULE J2
reference J2
value USB_C_Receptacle_PowerOnly_6P
footprint Connector_USB:USB_C_Receptacle_GCT_USB4125-xx-x-0190_6P_TopMnt_Horizontal
attribut none
position 122.555000 57.404000  orientation 180.00
layer front
$PAD "5"
Shape Circle Layer both
position  1.905000 -4.826000 size  1.700000  1.700000 orientation 0.00
drill  1.000000
shape_offset  0.000000  0.000000
$EndPAD
$PAD "6"
Shape Circle Layer both
position -1.905000 -4.826000 size  1.700000  1.700000 orientation 0.00
drill  1.000000
shape_offset  0.000000  0.000000
$EndPAD
$PAD "SH"
Shape Oval Layer both
position -4.445000 -1.016000 size  1.100000  1.700000 orientation 180.00
drill  0.600000
shape_offset  0.000000  0.000000
$EndPAD
$PAD "SH"
Shape Oval Layer both
position  4.500000 -1.016000 size  1.100000  1.700000 orientation 180.00
drill  0.600000
shape_offset  0.000000  0.000000
$EndPAD
$EndMODULE J2

$MODULE J2
reference J2
value Conn_01x16_Socket_ESP32
footprint Connector_PinSocket_2.54mm:PinSocket_1x16_P2.54mm_Vertical
attribut none
position 156.210000 88.900000  orientation -90.00
layer front
$PAD "0"
Shape Circle Layer both
position  0.000000 33.020000 size  1.700000  1.700000 orientation 270.00
drill  1.000000
shape_offset  0.000000  0.000000
$EndPAD
$PAD "2"
Shape Circle Layer both
position  0.000000 35.560000 size  1.700000  1.700000 orientation 270.00
drill  1.000000
shape_offset  0.000000  0.000000
$EndPAD
$PAD "4"
Shape Circle Layer both
position  0.000000 30.480000 size  1.700000  1.700000 orientation 270.00
drill  1.000000
shape_offset  0.000000  0.000000
$EndPAD
$PAD "5"
Shape Circle Layer both
position  0.000000 22.860000 size  1.700000  1.700000 orientation 270.00
drill  1.000000
shape_offset  0.000000  0.000000
$EndPAD
$PAD "15"
Shape Circle Layer both
position  0.000000 38.100000 size  1.700000  1.700000 orientation 270.00
drill  1.000000
shape_offset  0.000000  0.000000
$EndPAD
$PAD "16"
Shape Circle Layer both
position  0.000000 27.940000 size  1.700000  1.700000 orientation 270.00
drill  1.000000
shape_offset  0.000000  0.000000
$EndPAD
$PAD "17"
Shape Circle Layer both
position  0.000000 25.400000 size  1.700000  1.700000 orientation 270.00
drill  1.000000
shape_offset  0.000000  0.000000
$EndPAD
$PAD "18"
Shape Circle Layer both
position  0.000000 20.320000 size  1.700000  1.700000 orientation 270.00
drill  1.000000
shape_offset  0.000000  0.000000
$EndPAD
$PAD "19"
Shape Circle Layer both
position  0.000000 17.780000 size  1.700000  1.700000 orientation 270.00
drill  1.000000
shape_offset  0.000000  0.000000
$EndPAD
$PAD "21"
Shape Circle Layer both
position  0.000000 12.700000 size  1.700000  1.700000 orientation 270.00
drill  1.000000
shape_offset  0.000000  0.000000
$EndPAD
$PAD "22"
Shape Circle Layer both
position  0.000000  5.080000 size  1.700000  1.700000 orientation 270.00
drill  1.000000
shape_offset  0.000000  0.000000
$EndPAD
$PAD "23"
Shape Circle Layer both
position  0.000000  2.540000 size  1.700000  1.700000 orientation 270.00
drill  1.000000
shape_offset  0.000000  0.000000
$EndPAD
$PAD "GND"
Shape Rect Layer both
position  0.000000  0.000000 size  1.700000  1.700000 orientation 270.00
drill  1.000000
shape_offset  0.000000  0.000000
$EndPAD
$PAD "GND"
Shape Circle Layer both
position  0.000000 15.240000 size  1.700000  1.700000 orientation 270.00
drill  1.000000
shape_offset  0.000000  0.000000
$EndPAD
$PAD "RXI"
Shape Circle Layer both
position  0.000000 10.160000 size  1.700000  1.700000 orientation 270.00
drill  1.000000
shape_offset  0.000000  0.000000
$EndPAD
$PAD "TXO"
Shape Circle Layer both
position  0.000000  7.620000 size  1.700000  1.700000 orientation 270.00
drill  1.000000
shape_offset  0.000000  0.000000
$EndPAD
$EndMODULE J2

$MODULE J4
reference J4
value RJ45
footprint Connector_RJ:RJ45_RCH_RC01937
attribut none
position 107.950000 68.580000  orientation 180.00
layer front
$PAD ""
Shape Circle Layer both
position -1.270000  6.350000 size  3.250000  3.250000 orientation 180.00
drill  3.250000
shape_offset  0.000000  0.000000
$EndPAD
$PAD ""
Shape Circle Layer both
position 10.160000  6.350000 size  3.250000  3.250000 orientation 0.00
drill  3.250000
shape_offset  0.000000  0.000000
$EndPAD
$PAD "1"
Shape Rect Layer both
position  0.000000  0.000000 size  1.500000  1.500000 orientation 0.00
drill  0.900000
shape_offset  0.000000  0.000000
$EndPAD
$PAD "2"
Shape Circle Layer both
position  1.270000 -2.540000 size  1.500000  1.500000 orientation 0.00
drill  0.900000
shape_offset  0.000000  0.000000
$EndPAD
$PAD "3"
Shape Circle Layer both
position  2.540000  0.000000 size  1.500000  1.500000 orientation 0.00
drill  0.900000
shape_offset  0.000000  0.000000
$EndPAD
$PAD "4"
Shape Circle Layer both
position  3.810000 -2.540000 size  1.500000  1.500000 orientation 0.00
drill  0.900000
shape_offset  0.000000  0.000000
$EndPAD
$PAD "5"
Shape Circle Layer both
position  5.080000  0.000000 size  1.500000  1.500000 orientation 0.00
drill  0.900000
shape_offset  0.000000  0.000000
$EndPAD
$PAD "6"
Shape Circle Layer both
position  6.350000 -2.540000 size  1.500000  1.500000 orientation 0.00
drill  0.900000
shape_offset  0.000000  0.000000
$EndPAD
$PAD "7"
Shape Circle Layer both
position  7.620000  0.000000 size  1.500000  1.500000 orientation 0.00
drill  0.900000
shape_offset  0.000000  0.000000
$EndPAD
$PAD "8"
Shape Circle Layer both
position  8.890000 -2.540000 size  1.500000  1.500000 orientation 0.00
drill  0.900000
shape_offset  0.000000  0.000000
$EndPAD
$PAD "SH"
Shape Circle Layer both
position -3.405000  9.400000 size  3.000000  3.000000 orientation 180.00
drill  1.600000
shape_offset  0.000000  0.000000
$EndPAD
$PAD "SH"
Shape Circle Layer both
position 12.295000  9.400000 size  3.000000  3.000000 orientation 0.00
drill  1.600000
shape_offset  0.000000  0.000000
$EndPAD
$EndMODULE J4

$MODULE J5
reference J5
value Conn_01x05_Socket
footprint Connector_PinSocket_2.54mm:PinSocket_1x05_P2.54mm_Vertical
attribut none
position 179.070000 100.330000  orientation 180.00
layer front
$PAD "1"
Shape Rect Layer both
position  0.000000  0.000000 size  1.700000  1.700000 orientation 180.00
drill  1.000000
shape_offset  0.000000  0.000000
$EndPAD
$PAD "2"
Shape Circle Layer both
position  0.000000  2.540000 size  1.700000  1.700000 orientation 180.00
drill  1.000000
shape_offset  0.000000  0.000000
$EndPAD
$PAD "3"
Shape Circle Layer both
position  0.000000  5.080000 size  1.700000  1.700000 orientation 180.00
drill  1.000000
shape_offset  0.000000  0.000000
$EndPAD
$PAD "4"
Shape Circle Layer both
position  0.000000  7.620000 size  1.700000  1.700000 orientation 180.00
drill  1.000000
shape_offset  0.000000  0.000000
$EndPAD
$PAD "5"
Shape Circle Layer both
position  0.000000 10.160000 size  1.700000  1.700000 orientation 180.00
drill  1.000000
shape_offset  0.000000  0.000000
$EndPAD
$EndMODULE J5

$MODULE J7
reference J7
value Barrel_Jack
footprint Connector_BarrelJack:BarrelJack_Wuerth_6941xx301002
attribut none
position 169.510000 70.570000  orientation 180.00
layer front
$PAD "1"
Shape Rect Layer both
position  0.000000  0.000000 size  4.400000  1.800000 orientation 180.00
drill  3.400000
shape_offset  0.000000  0.000000
$EndPAD
$PAD "2"
Shape Oval Layer both
position  0.000000  5.800000 size  4.000000  1.800000 orientation 180.00
drill  3.000000
shape_offset  0.000000  0.000000
$EndPAD
$PAD "3"
Shape Oval Layer both
position  4.800000  3.000000 size  4.000000  1.800000 orientation 270.00
drill  3.000000
shape_offset  0.000000  0.000000
$EndPAD
$EndMODULE J7

$MODULE J8
reference J8
value Conn_01x03_Socket
footprint Connector_PinSocket_2.54mm:PinSocket_1x03_P2.54mm_Vertical
attribut none
position 147.320000 62.230000  orientation -90.00
layer front
$PAD "1"
Shape Rect Layer both
position  0.000000  0.000000 size  1.700000  1.700000 orientation 270.00
drill  1.000000
shape_offset  0.000000  0.000000
$EndPAD
$PAD "2"
Shape Circle Layer both
position  0.000000  2.540000 size  1.700000  1.700000 orientation 270.00
drill  1.000000
shape_offset  0.000000  0.000000
$EndPAD
$PAD "3"
Shape Circle Layer both
position  0.000000  5.080000 size  1.700000  1.700000 orientation 270.00
drill  1.000000
shape_offset  0.000000  0.000000
$EndPAD
$EndMODULE J8

$MODULE R1
reference R1
value 120Ω
footprint Resistor_THT:R_Axial_DIN0309_L9.0mm_D3.2mm_P2.54mm_Vertical
attribut none
position 102.870000 80.010000  orientation 0.00
layer front
$PAD "1"
Shape Circle Layer both
position  0.000000  0.000000 size  1.600000  1.600000 orientation 0.00
drill  0.800000
shape_offset  0.000000  0.000000
$EndPAD
$PAD "2"
Shape Circle Layer both
position  2.540000  0.000000 size  1.600000  1.600000 orientation 0.00
drill  0.800000
shape_offset  0.000000  0.000000
$EndPAD
$EndMODULE R1

$MODULE R2
reference R2
value 10K
footprint Resistor_THT:R_Axial_DIN0309_L9.0mm_D3.2mm_P2.54mm_Vertical
attribut none
position 144.780000 69.850000  orientation 180.00
layer front
$PAD "1"
Shape Circle Layer both
position  0.000000  0.000000 size  1.600000  1.600000 orientation 180.00
drill  0.800000
shape_offset  0.000000  0.000000
$EndPAD
$PAD "2"
Shape Circle Layer both
position  2.540000  0.000000 size  1.600000  1.600000 orientation 180.00
drill  0.800000
shape_offset  0.000000  0.000000
$EndPAD
$EndMODULE R2

$MODULE U1
reference U1
value ULN2003A
footprint ULN2003:ULN2003A
attribut none
position 168.910000 95.250000  orientation 0.00
layer front
$PAD "1"
Shape Rect Layer both
position -3.810000 -8.890000 size  1.328000  1.328000 orientation 0.00
drill  0.820000
shape_offset  0.000000  0.000000
$EndPAD
$PAD "2"
Shape Circle Layer both
position -3.810000 -6.350000 size  1.328000  1.328000 orientation 0.00
drill  0.820000
shape_offset  0.000000  0.000000
$EndPAD
$PAD "3"
Shape Circle Layer both
position -3.810000 -3.810000 size  1.328000  1.328000 orientation 0.00
drill  0.820000
shape_offset  0.000000  0.000000
$EndPAD
$PAD "4"
Shape Circle Layer both
position -3.810000 -1.270000 size  1.328000  1.328000 orientation 0.00
drill  0.820000
shape_offset  0.000000  0.000000
$EndPAD
$PAD "5"
Shape Circle Layer both
position -3.810000  1.270000 size  1.328000  1.328000 orientation 0.00
drill  0.820000
shape_offset  0.000000  0.000000
$EndPAD
$PAD "6"
Shape Circle Layer both
position -3.810000  3.810000 size  1.328000  1.328000 orientation 0.00
drill  0.820000
shape_offset  0.000000  0.000000
$EndPAD
$PAD "7"
Shape Circle Layer both
position -3.810000  6.350000 size  1.328000  1.328000 orientation 0.00
drill  0.820000
shape_offset  0.000000  0.000000
$EndPAD
$PAD "8"
Shape Circle Layer both
position -3.810000  8.890000 size  1.328000  1.328000 orientation 0.00
drill  0.820000
shape_offset  0.000000  0.000000
$EndPAD
$PAD "9"
Shape Circle Layer both
position  3.810000  8.890000 size  1.328000  1.328000 orientation 0.00
drill  0.820000
shape_offset  0.000000  0.000000
$EndPAD
$PAD "10"
Shape Circle Layer both
position  3.810000  6.350000 size  1.328000  1.328000 orientation 0.00
drill  0.820000
shape_offset  0.000000  0.000000
$EndPAD
$PAD "11"
Shape Circle Layer both
position  3.810000  3.810000 size  1.328000  1.328000 orientation 0.00
drill  0.820000
shape_offset  0.000000  0.000000
$EndPAD
$PAD "12"
Shape Circle Layer both
position  3.810000  1.270000 size  1.328000  1.328000 orientation 0.00
drill  0.820000
shape_offset  0.000000  0.000000
$EndPAD
$PAD "13"
Shape Circle Layer both
position  3.810000 -1.270000 size  1.328000  1.328000 orientation 0.00
drill  0.820000
shape_offset  0.000000  0.000000
$EndPAD
$PAD "14"
Shape Circle Layer both
position  3.810000 -3.810000 size  1.328000  1.328000 orientation 0.00
drill  0.820000
shape_offset  0.000000  0.000000
$EndPAD
$PAD "15"
Shape Circle Layer both
position  3.810000 -6.350000 size  1.328000  1.328000 orientation 0.00
drill  0.820000
shape_offset  0.000000  0.000000
$EndPAD
$PAD "16"
Shape Circle Layer both
position  3.810000 -8.890000 size  1.328000  1.328000 orientation 0.00
drill  0.820000
shape_offset  0.000000  0.000000
$EndPAD
$EndMODULE U1

$EndDESCRIPTION
